Microchip MPLAB XC8 Compiler V2.05 ()

Linker command line:

-W-3 --edf=C:\Program Files (x86)\Microchip\xc8\v2.05\pic\dat\en_msgs.txt \
  -cs -h+dist/default/production\74HC595.production.sym \
  --cmf=dist/default/production\74HC595.production.cmf -z -Q18F4550 \
  -oC:\Users\samer\AppData\Local\Temp\s28o.2 --defsym=__MPLAB_BUILD=1 \
  -Mdist/default/production/74HC595.production.map -E1 -ver=XC8 \
  --acfsm=1493 -ASTACK=060h-07FFh -pstack=STACK -ACODE=00h-07FFFh \
  -ACONST=00h-07FFFh -ASMALLCONST=0800h-08FFhx120 \
  -AMEDIUMCONST=0800h-07FFFh -ACOMRAM=01h-05Fh -AABS1=00h-07FFh \
  -ABIGRAM=01h-07FFh -ARAM=060h-0FFh,0100h-01FFhx7 -ABANK0=060h-0FFh \
  -ABANK1=0100h-01FFh -ABANK2=0200h-02FFh -ABANK3=0300h-03FFh \
  -ABANK4=0400h-04FFh -ABANK5=0500h-05FFh -ABANK6=0600h-06FFh \
  -ABANK7=0700h-07FFh -ASFR=0F60h-0FFFh \
  -preset_vec=00h,intcode,intcodelo,powerup,init -pramtop=0800h \
  -psmallconst=SMALLCONST -pmediumconst=MEDIUMCONST -pconst=CONST \
  -AFARRAM=00h-00h -ACONFIG=0300000h-030000Dh -pconfig=CONFIG \
  -AIDLOC=0200000h-0200007h -pidloc=IDLOC -AEEDATA=0F00000h-0F000FFh \
  -peeprom_data=EEDATA \
  -prdata=COMRAM,nvrram=COMRAM,nvbit=COMRAM,rbss=COMRAM,rbit=COMRAM \
  -pfarbss=FARRAM,fardata=FARRAM,nvFARRAM=FARRAM \
  -pintsave_regs=BIGRAM,bigbss=BIGRAM,bigdata=BIGRAM -pbss=RAM \
  -pidata=CODE,irdata=CODE,ibigdata=CODE,ifardata=CODE -prparam=COMRAM \
  C:\Users\samer\AppData\Local\Temp\s28o.o \
  dist/default/production\74HC595.production.o 

Object code version is 3.11

Machine type is 18F4550

Call graph: (short form)




                Name                               Link     Load   Length Selector   Space Scale
C:\Users\samer\AppData\Local\Temp\s28o.o
                init                                  0        0        4        0       0
                idloc                            200000   200000        8   200000       0
                config                           300000   300000        E   300000       0
dist/default/production\74HC595.production.o
                text4                              7DA4     7DA4       16     3ED2       0
                text3                              7D82     7D82        E     3EC1       0
                text2                              7ED2     7ED2      12E     3F69       0
                text1                              7D7C     7D7C        6     3EBE       0
                text0                              7DE0     7DE0       F2     3EF0       0
                cstackCOMRAM                          1        1       1C        1       1
                dataCOMRAM                           1D       1D       14        1       1
                cinit                              7DBA     7DBA       26     3EDD       0
                idataCOMRAM                        7D90     7D90       14     7D90       0

TOTAL           Name                               Link     Load   Length     Space
        CLASS   STACK          

        CLASS   CODE           
                init                                  0        0        4         0
                text4                              7DA4     7DA4       16         0
                text3                              7D82     7D82        E         0
                text2                              7ED2     7ED2      12E         0
                text1                              7D7C     7D7C        6         0
                text0                              7DE0     7DE0       F2         0
                cinit                              7DBA     7DBA       26         0
                idataCOMRAM                        7D90     7D90       14         0

        CLASS   CONST          

        CLASS   SMALLCONST     

        CLASS   MEDIUMCONST    

        CLASS   COMRAM         
                cstackCOMRAM                          1        1       1C         1
                dataCOMRAM                           1D       1D       14         1

        CLASS   ABS1           

        CLASS   BIGRAM         

        CLASS   RAM            

        CLASS   BANK0          

        CLASS   BANK1          

        CLASS   BANK2          

        CLASS   BANK3          

        CLASS   BANK4          

        CLASS   BANK5          

        CLASS   BANK6          

        CLASS   BANK7          

        CLASS   SFR            

        CLASS   FARRAM         

        CLASS   CONFIG         
                config                           300000   300000        E         0

        CLASS   IDLOC          
                idloc                            200000   200000        8         0

        CLASS   EEDATA         



SEGMENTS        Name                           Load    Length   Top    Selector   Space  Class

                reset_vec                      000000  000004  000004         0       0  CODE    
                cstackCOMRAM                   000001  000030  000031         1       1  COMRAM  
                text1                          007D7C  000006  007D82      3EBE       0  CODE    
                text3                          007D82  00000E  007D90      3EC1       0  CODE    
                idataCOMRAM                    007D90  000014  007DA4      7D90       0  CODE    
                text4                          007DA4  000016  007DBA      3ED2       0  CODE    
                cinit                          007DBA  000026  007DE0      3EDD       0  CODE    
                text0                          007DE0  0000F2  007ED2      3EF0       0  CODE    
                text2                          007ED2  00012E  008000      3F69       0  CODE    
                idloc                          200000  000008  200008    200000       0  IDLOC   
                config                         300000  00000E  30000E    300000       0  CONFIG  


UNUSED ADDRESS RANGES

        Name                Unused          Largest block    Delta
        BANK0            000060-0000FF               A0
        BANK1            000100-0001FF              100
        BANK2            000200-0002FF              100
        BANK3            000300-0003FF              100
        BANK4            000400-0004FF              100
        BANK5            000500-0005FF              100
        BANK6            000600-0006FF              100
        BANK7            000700-0007FF              100
        BIGRAM           000031-0007FF              7CF
        CODE             000004-007D7B             7D78
        COMRAM           000031-00005F               2F
        CONST            000004-007D7B             7D78
        EEDATA           F00000-F000FF              100
        MEDIUMCONST      000800-007D7B             757C
        RAM              000060-0007FF              100
        SFR              000F60-000FFF               A0
        SMALLCONST       000800-007D7B              100
        STACK            000060-0007FF              7A0

                                  Symbol Table

_LATDbits                 (abs)        000F8C
_TRISD                    (abs)        000F95
__HRAM                    (abs)        000000
__Habs1                   abs1         000000
__Hbank0                  bank0        000000
__Hbank1                  bank1        000000
__Hbank2                  bank2        000000
__Hbank3                  bank3        000000
__Hbank4                  bank4        000000
__Hbank5                  bank5        000000
__Hbank6                  bank6        000000
__Hbank7                  bank7        000000
__Hbigbss                 bigbss       000000
__Hbigdata                bigdata      000000
__Hbigram                 bigram       000000
__Hbss                    bss          000000
__Hcinit                  cinit        000000
__Hclrtext                clrtext      000000
__Hcomram                 comram       000000
__Hconfig                 config       30000E
__Hconst                  const        000000
__HcstackCOMRAM           cstackCOMRAM 000000
__Hdata                   data         000000
__HdataCOMRAM             dataCOMRAM   000000
__Heeprom_data            eeprom_data  000000
__Hfarbss                 farbss       000000
__Hfardata                fardata      000000
__Hibigdata               ibigdata     000000
__Hidata                  idata        000000
__HidataCOMRAM            idataCOMRAM  000000
__Hidloc                  idloc        200008
__Hifardata               ifardata     000000
__Hinit                   init         000004
__Hintcode                intcode      000000
__Hintcode_body           intcode_body 000000
__Hintcodelo              intcodelo    000000
__Hintentry               intentry     000000
__Hintret                 intret       000000
__Hintsave_regs           intsave_regs 000000
__Hirdata                 irdata       000000
__Hmediumconst            mediumconst  000000
__HnvFARRAM               nvFARRAM     000000
__Hnvbit                  nvbit        000000
__Hnvrram                 nvrram       000000
__Hparam                  rparam       000000
__Hpowerup                powerup      000000
__Hram                    ram          000000
__Hramtop                 ramtop       000800
__Hrbit                   rbit         000000
__Hrbss                   rbss         000000
__Hrdata                  rdata        000000
__Hreset_vec              reset_vec    000000
__Hrparam                 rparam       000000
__Hsfr                    sfr          000000
__Hsmallconst             smallconst   000000
__Hspace_0                (abs)        30000E
__Hspace_1                (abs)        000031
__Hspace_2                (abs)        000000
__Hstack                  stack        000000
__Hstruct                 struct       000000
__Htemp                   temp         000000
__Htext                   text         000000
__Htext0                  text0        000000
__Htext1                  text1        000000
__Htext2                  text2        000000
__Htext3                  text3        000000
__Htext4                  text4        000000
__LRAM                    (abs)        000001
__Labs1                   abs1         000000
__Lbank0                  bank0        000000
__Lbank1                  bank1        000000
__Lbank2                  bank2        000000
__Lbank3                  bank3        000000
__Lbank4                  bank4        000000
__Lbank5                  bank5        000000
__Lbank6                  bank6        000000
__Lbank7                  bank7        000000
__Lbigbss                 bigbss       000000
__Lbigdata                bigdata      000000
__Lbigram                 bigram       000000
__Lbss                    bss          000000
__Lcinit                  cinit        000000
__Lclrtext                clrtext      000000
__Lcomram                 comram       000000
__Lconfig                 config       300000
__Lconst                  const        000000
__LcstackCOMRAM           cstackCOMRAM 000000
__Ldata                   data         000000
__LdataCOMRAM             dataCOMRAM   000000
__Leeprom_data            eeprom_data  000000
__Lfarbss                 farbss       000000
__Lfardata                fardata      000000
__Libigdata               ibigdata     000000
__Lidata                  idata        000000
__LidataCOMRAM            idataCOMRAM  000000
__Lidloc                  idloc        200000
__Lifardata               ifardata     000000
__Linit                   init         000000
__Lintcode                intcode      000000
__Lintcode_body           intcode_body 000000
__Lintcodelo              intcodelo    000000
__Lintentry               intentry     000000
__Lintret                 intret       000000
__Lintsave_regs           intsave_regs 000000
__Lirdata                 irdata       000000
__Lmediumconst            mediumconst  000000
__LnvFARRAM               nvFARRAM     000000
__Lnvbit                  nvbit        000000
__Lnvrram                 nvrram       000000
__Lparam                  rparam       000000
__Lpowerup                powerup      000000
__Lram                    ram          000000
__Lramtop                 ramtop       000800
__Lrbit                   rbit         000000
__Lrbss                   rbss         000000
__Lrdata                  rdata        000000
__Lreset_vec              reset_vec    000000
__Lrparam                 rparam       000000
__Lsfr                    sfr          000000
__Lsmallconst             smallconst   000000
__Lspace_0                (abs)        000000
__Lspace_1                (abs)        000000
__Lspace_2                (abs)        000000
__Lstack                  stack        000000
__Lstruct                 struct       000000
__Ltemp                   temp         000000
__Ltext                   text         000000
__Ltext0                  text0        000000
__Ltext1                  text1        000000
__Ltext2                  text2        000000
__Ltext3                  text3        000000
__Ltext4                  text4        000000
__S0                      (abs)        30000E
__S1                      (abs)        000031
__S2                      (abs)        000000
___inthi_sp               stack        000000
___intlo_sp               stack        000000
___param_bank             (abs)        000000
___rparam_used            (abs)        000001
___sp                     stack        000000
__accesstop               (abs)        000060
__activetblptr            (abs)        000000
__end_of__initialization  cinit        007DDA
__end_of_clock            text4        007DBA
__end_of_key              text3        007D90
__end_of_main             text0        007ED2
__end_of_setTimer         text2        008000
__end_of_setup            text1        007D82
__initialization          cinit        007DBA
__mediumconst             mediumconst  000000
__pcinit                  cinit        007DBA
__pcstackCOMRAM           cstackCOMRAM 000001
__pdataCOMRAM             dataCOMRAM   00001D
__pidataCOMRAM            idataCOMRAM  007D90
__ptext0                  text0        007DE0
__ptext1                  text1        007D7C
__ptext2                  text2        007ED2
__ptext3                  text3        007D82
__ptext4                  text4        007DA4
__ramtop                  ramtop       000800
__size_of_clock           (abs)        000000
__size_of_key             (abs)        000000
__size_of_main            (abs)        000000
__size_of_setTimer        (abs)        000000
__size_of_setup           (abs)        000000
__smallconst              smallconst   000000
_byte7seg                 dataCOMRAM   00001D
_clock                    text4        007DA4
_key                      text3        007D82
_main                     text0        007DE0
_setTimer                 text2        007ED2
_setup                    text1        007D7C
end_of_initialization     cinit        007DDA
intlevel0                 text         000000
intlevel1                 text         000000
intlevel2                 text         000000
intlevel3                 text         000000
main@i                    cstackCOMRAM 00001B
main@minutos_dezena       cstackCOMRAM 000015
main@minutos_unidade      cstackCOMRAM 000017
main@segundos_dezena      cstackCOMRAM 000019
setTimer@i                cstackCOMRAM 00000C
setTimer@i_115            cstackCOMRAM 00000E
setTimer@i_116            cstackCOMRAM 000010
setTimer@i_117            cstackCOMRAM 000012
setTimer@minutos_dezena   cstackCOMRAM 000001
setTimer@minutos_unidade  cstackCOMRAM 000003
setTimer@segundos_dezena  cstackCOMRAM 000005
setTimer@segundos_unidade cstackCOMRAM 000007
stackhi                   (abs)        0007FF
stacklo                   (abs)        000060
start                     init         000000
start_initialization      cinit        007DBA


FUNCTION INFORMATION:

 *************** function _main *****************
 Defined at:
		line 36 in file "main.c"
 Parameters:    Size  Location     Type
		None
 Auto vars:     Size  Location     Type
  i               2   26[COMRAM] int 
  segundos_dez    2   24[COMRAM] int 
  minutos_unid    2   22[COMRAM] int 
  minutos_deze    2   20[COMRAM] int 
 Return value:  Size  Location     Type
                  1    wreg      void 
 Registers used:
		wreg, fsr2l, fsr2h, status,2, status,0, cstack
 Tracked objects:
		On entry : 
		On exit  : 
		Unchanged: 
 Data sizes:     COMRAM   BANK0   BANK1   BANK2   BANK3   BANK4   BANK5   BANK6   BANK7
      Params:         0       0       0       0       0       0       0       0       0
      Locals:         8       0       0       0       0       0       0       0       0
      Temps:          1       0       0       0       0       0       0       0       0
      Totals:         9       0       0       0       0       0       0       0       0
Total ram usage:        9 bytes
 Hardware stack levels required when called:    2
 This function calls:
		_setTimer
		_setup
 This function is called by:
		Startup code after reset
 This function uses a non-reentrant model


 *************** function _setup *****************
 Defined at:
		line 111 in file "main.c"
 Parameters:    Size  Location     Type
		None
 Auto vars:     Size  Location     Type
		None
 Return value:  Size  Location     Type
                  1    wreg      void 
 Registers used:
		wreg, status,2
 Tracked objects:
		On entry : 
		On exit  : 
		Unchanged: 
 Data sizes:     COMRAM   BANK0   BANK1   BANK2   BANK3   BANK4   BANK5   BANK6   BANK7
      Params:         0       0       0       0       0       0       0       0       0
      Locals:         0       0       0       0       0       0       0       0       0
      Temps:          0       0       0       0       0       0       0       0       0
      Totals:         0       0       0       0       0       0       0       0       0
Total ram usage:        0 bytes
 Hardware stack levels used:    1
 This function calls:
		Nothing
 This function is called by:
		_main
 This function uses a non-reentrant model


 *************** function _setTimer *****************
 Defined at:
		line 59 in file "main.c"
 Parameters:    Size  Location     Type
  minutos_deze    2    0[COMRAM] int 
  minutos_unid    2    2[COMRAM] int 
  segundos_dez    2    4[COMRAM] int 
  segundos_uni    2    6[COMRAM] int 
 Auto vars:     Size  Location     Type
  i               2   17[COMRAM] int 
  i               2   15[COMRAM] int 
  i               2   13[COMRAM] int 
  i               2   11[COMRAM] int 
 Return value:  Size  Location     Type
                  1    wreg      void 
 Registers used:
		wreg, status,2, status,0, cstack
 Tracked objects:
		On entry : 
		On exit  : 
		Unchanged: 
 Data sizes:     COMRAM   BANK0   BANK1   BANK2   BANK3   BANK4   BANK5   BANK6   BANK7
      Params:         8       0       0       0       0       0       0       0       0
      Locals:         8       0       0       0       0       0       0       0       0
      Temps:          3       0       0       0       0       0       0       0       0
      Totals:        19       0       0       0       0       0       0       0       0
Total ram usage:       19 bytes
 Hardware stack levels used:    1
 Hardware stack levels required when called:    1
 This function calls:
		_clock
		_key
 This function is called by:
		_main
 This function uses a non-reentrant model


 *************** function _key *****************
 Defined at:
		line 105 in file "main.c"
 Parameters:    Size  Location     Type
		None
 Auto vars:     Size  Location     Type
		None
 Return value:  Size  Location     Type
                  1    wreg      void 
 Registers used:
		wreg
 Tracked objects:
		On entry : 
		On exit  : 
		Unchanged: 
 Data sizes:     COMRAM   BANK0   BANK1   BANK2   BANK3   BANK4   BANK5   BANK6   BANK7
      Params:         0       0       0       0       0       0       0       0       0
      Locals:         0       0       0       0       0       0       0       0       0
      Temps:          0       0       0       0       0       0       0       0       0
      Totals:         0       0       0       0       0       0       0       0       0
Total ram usage:        0 bytes
 Hardware stack levels used:    1
 This function calls:
		Nothing
 This function is called by:
		_setTimer
		_sendDualData
		_sendData
 This function uses a non-reentrant model


 *************** function _clock *****************
 Defined at:
		line 98 in file "main.c"
 Parameters:    Size  Location     Type
		None
 Auto vars:     Size  Location     Type
		None
 Return value:  Size  Location     Type
                  1    wreg      void 
 Registers used:
		wreg
 Tracked objects:
		On entry : 
		On exit  : 
		Unchanged: 
 Data sizes:     COMRAM   BANK0   BANK1   BANK2   BANK3   BANK4   BANK5   BANK6   BANK7
      Params:         0       0       0       0       0       0       0       0       0
      Locals:         0       0       0       0       0       0       0       0       0
      Temps:          0       0       0       0       0       0       0       0       0
      Totals:         0       0       0       0       0       0       0       0       0
Total ram usage:        0 bytes
 Hardware stack levels used:    1
 This function calls:
		Nothing
 This function is called by:
		_setTimer
		_sendDualData
		_sendData
 This function uses a non-reentrant model



MODULE INFORMATION

Module		Function		Class		Link	Load	Size
shared
		__initialization		CODE           	7DBA	0000	33

shared estimated size: 33

main.c
		_clock         		CODE           	7DA4	0000	23
		_main          		CODE           	7DE0	0000	243
		_key           		CODE           	7D82	0000	15
		_setTimer      		CODE           	7ED2	0000	303
		_setup         		CODE           	7D7C	0000	7

main.c estimated size: 591

